core_cm7.h:2147:34:__NVIC_SystemReset	4	static,ignoring_inline_asm
scpi_def.c:34:22:SCPI_ChannelList	96	static
scpi_def.c:170:9:SCPI_StringToIP4Array	32	static
scpi_def.c:214:9:SCPI_StringToMACArray	64	static
scpi_def.c:238:8:SCPI_Write	24	static
scpi_def.c:249:15:SCPI_Flush	16	static
scpi_def.c:256:5:SCPI_Error	24	static
scpi_def.c:264:15:SCPI_Control	24	static
scpi_def.c:276:15:SCPI_Reset	16	static
scpi_def.c:284:22:My_CoreTstQ	16	static
scpi_def.c:293:22:SCPI_RouteClose	16	static
scpi_def.c:299:22:SCPI_RouteCloseQ	16	static
scpi_def.c:305:22:SCPI_RouteOpen	16	static
scpi_def.c:311:22:SCPI_RouteOpenQ	16	static
scpi_def.c:317:22:SCPI_RouteScan	16	static
scpi_def.c:333:22:SCPI_SystemCommunicationLanDHCP	24	static
scpi_def.c:346:22:SCPI_SystemCommunicationLanDHCPQ	16	static
scpi_def.c:359:22:SCPI_SystemCommunicationLanGateway	56	static
scpi_def.c:390:22:SCPI_SystemCommunicationLanGatewayQ	56	static
scpi_def.c:411:22:SCPI_SystemCommunicationLanHostname	288	static
scpi_def.c:424:22:SCPI_SystemCommunicationLanHostnameQ	288	static
scpi_def.c:444:22:SCPI_SystemCommunicationLanIPAddress	56	static
scpi_def.c:475:22:SCPI_SystemCommunicationLanIPAddressQ	56	static
scpi_def.c:496:22:SCPI_SystemCommunicationLanMACQ	72	static
scpi_def.c:516:22:SCPI_SystemCommunicationLanSmask	56	static
scpi_def.c:548:22:SCPI_SystemCommunicationLanSmaskQ	56	static
scpi_def.c:569:22:SCPI_SystemCommunicationLanUpdate	16	static
scpi_def.c:575:22:SCPI_SystemCommunicationLanPort	24	static
scpi_def.c:595:22:SCPI_SystemCommunicationLanPortQ	16	static
scpi_def.c:601:22:SCPI_SystemServiceLanMAC	56	static
scpi_def.c:640:22:SCPI_SystemServiceDefault	16	static
scpi_def.c:659:22:SCPI_SystemSecureState	48	static
scpi_def.c:690:22:SCPI_SystemSecureStateQ	16	static
scpi_def.c:696:22:SCPI_TSQ	16	static
